\BOOKMARK [1][-]{section.1}{\376\377\000U\000v\000o\000d}{}% 1
\BOOKMARK [1][-]{section.2}{\376\377\000M\000a\000t\000e\000m\000a\000t\000i\001\015\000k\000i\000\040\000m\000o\000d\000e\000l}{}% 2
\BOOKMARK [2][-]{subsection.2.1}{\376\377\000P\000r\000e\000t\000p\000o\000s\000t\000a\000v\000k\000e\000\040\000m\000o\000d\000e\000l\000a}{section.2}% 3
\BOOKMARK [2][-]{subsection.2.2}{\376\377\000S\000i\000s\000t\000e\000m\000\040\000d\000i\000f\000e\000r\000e\000n\000c\000i\000j\000a\000l\000n\000i\000h\000\040\000j\000e\000d\000n\000a\001\015\000i\000n\000a}{section.2}% 4
\BOOKMARK [2][-]{subsection.2.3}{\376\377\000O\000s\000n\000o\000v\000n\000i\000\040\000r\000e\000p\000r\000o\000d\000u\000k\000c\000i\000o\000n\000i\000\040\000b\000r\000o\000j}{section.2}% 5
\BOOKMARK [1][-]{section.3}{\376\377\000P\000r\000o\000c\000e\000n\000a\000\040\000p\000a\000r\000a\000m\000e\000t\000a\000r\000a\000\040\000m\000o\000d\000e\000l\000a}{}% 6
\BOOKMARK [2][-]{subsection.3.1}{\376\377\000P\000o\000d\000a\000c\000i}{section.3}% 7
\BOOKMARK [2][-]{subsection.3.2}{\376\377\000M\000e\000t\000o\000d\000a\000\040\000p\000r\000o\000c\000e\000n\000e\000\040\000p\000a\000r\000a\000m\000e\000t\000a\000r\000a}{section.3}% 8
\BOOKMARK [2][-]{subsection.3.3}{\376\377\000P\000o\001\015\000e\000t\000n\000i\000\040\000u\000s\000l\000o\000v\000i\000\040\000i\000\040\000o\000s\000n\000o\000v\000n\000i\000\040\000r\000e\000p\000r\000o\000d\000u\000k\000c\000i\000o\000n\000i\000\040\000b\000r\000o\000j}{section.3}% 9
\BOOKMARK [1][-]{section.4}{\376\377\000R\000a\000v\000n\000o\000t\000e\001\176\000n\000e\000\040\000t\000a\001\015\000k\000e\000\040\000i\000\040\000u\000s\000l\000o\000v\000i\000\040\000z\000a\000\040\000s\000m\000a\000n\000j\000e\000n\000j\000e\000\040\000z\000a\000r\000a\000z\000e}{}% 10
\BOOKMARK [2][-]{subsection.4.1}{\376\377\000R\000a\000v\000n\000o\000t\000e\001\176\000n\000e\000\040\000t\000a\001\015\000k\000e}{section.4}% 11
\BOOKMARK [2][-]{subsection.4.2}{\376\377\000U\000s\000l\000o\000v\000\040\000z\000a\000\040\000s\000m\000a\000n\000j\000e\000n\000j\000e\000\040\000b\000r\000o\000j\000a\000\040\000z\000a\000r\000a\001\176\000e\000n\000i\000h}{section.4}% 12
\BOOKMARK [2][-]{subsection.4.3}{\376\377\000P\000o\000r\000e\001\021\000e\000n\000j\000e\000\040\000s\000a\000\040\000p\000o\000d\000a\000c\000i\000m\000a}{section.4}% 13
\BOOKMARK [2][-]{subsection.4.4}{\376\377\000K\000o\000n\000a\001\015\000n\000a\000\040\000v\000e\000l\000i\001\015\000i\000n\000a\000\040\000e\000p\000i\000d\000e\000m\000i\000j\000e}{section.4}% 14
\BOOKMARK [1][-]{section.5}{\376\377\000S\000c\000e\000n\000a\000r\000i\000j\000i\000\040\000k\000o\000n\000t\000r\000o\000l\000e\000\040\001\141\000i\000r\000e\000n\000j\000a\000\040\000v\000i\000r\000u\000s\000a}{}% 15
\BOOKMARK [2][-]{subsection.5.1}{\376\377\000S\000c\000e\000n\000a\000r\000i\000o\000\040\0001\000:\000\040\000V\000a\000k\000c\000i\000n\000a\000c\000i\000j\000a}{section.5}% 16
\BOOKMARK [2][-]{subsection.5.2}{\376\377\000S\000c\000e\000n\000a\000r\000i\000o\000\040\0002\000:\000\040\000K\000a\000r\000a\000n\000t\000i\000n}{section.5}% 17
\BOOKMARK [2][-]{subsection.5.3}{\376\377\000S\000c\000e\000n\000a\000r\000i\000o\000\040\0003\000:\000\040\000L\000e\000k\000o\000v\000i}{section.5}% 18
\BOOKMARK [2][-]{subsection.5.4}{\376\377\000G\000r\000a\000f\000i\001\015\000k\000i\000\040\000p\000r\000i\000k\000a\000z\000\040\000i\000\040\000p\000o\000r\000e\001\021\000e\000n\000j\000e\000\040\000s\000c\000e\000n\000a\000r\000i\000j\000a}{section.5}% 19
\BOOKMARK [1][-]{section.6}{\376\377\000Z\000a\000k\000l\000j\000u\001\015\000a\000k}{}% 20
